abseil
act
aften
amtk
ansible
aom
apr
apr-util
arduino-cli
arm-none-eabi-binutils
arm-none-eabi-gcc
ast-grep
at-spi2-core
atk
augeas
autoconf
automake
aws-iam-authenticator
awscli
bash
bash-completion@2
bat
bazel
bdw-gc
berkeley-db
berkeley-db@5
boost
bottom
brotli
buffalo
bzip2
c-ares
ca-certificates
cairo
capstone
ccls
certbot
cffi
cfn-lint
cjson
cmake
coreutils
csound
czmq
d2
dbus
dialog
direnv
dive
docbook
docbook-xsl
docutils
dotfiles
double-conversion
dprint
dtc
edencommon
efm-langserver
elixir
erlang
faust
fb303
fd
findutils
fizz
flac
fltk
fluid-synth
flyctl
fmt
folly
fontconfig
fontforge
freerdp
freetype
fribidi
gawk
gcc
gd
gdbm
gdk-pixbuf
gettext
gflags
gh
ghostscript
giflib
gimme-aws-creds
git
git-chglog
git-secret
glib
glog
gmp
gnome-common
gnu-getopt
gnupg
gnutls
go
go@1.14
go@1.17
gobject-introspection
graphene
graphite2
graphviz
gsettings-desktop-schemas
gtk+3
gtk-doc
gtk4
gtksourceview4
gts
guile
harfbuzz
hdf5
heroku-node
hicolor-icon-theme
highway
htop
http-prompt
httpie
hub
icu4c
ilmbase
imagemagick
imagemagick@6
imath
isl
jack
jansson
jasper
jbig2dec
jemalloc
jpeg
jpeg-turbo
jpeg-xl
jq
json-glib
jsoncpp
jsonlint
keyring
krakend
krb5
lab
lame
launchctl-completion
lazygit
libaec
libassuan
libavif
libdazzle
libde265
libedit
libepoxy
libev
libevent
libffi
libgcrypt
libgedit-amtk
libgedit-gtksourceview
libgit2
libgpg-error
libheif
libiconv
libidn
libidn2
libksba
liblinear
liblo
liblqr
libmicrohttpd
libmpc
libnghttp2
libogg
libomp
libpcap
libpng
libpq
libpthread-stubs
libpython-tabulate
libraw
librsvg
libsamplerate
libsass
libslirp
libsndfile
libsodium
libspiro
libssh
libssh2
libtasn1
libtermkey
libtiff
libtool
libuninameslist
libunistring
libusb
libuv
libvmaf
libvorbis
libvterm
libwebsockets
libx11
libxau
libxcb
libxcursor
libxdmcp
libxext
libxfixes
libxi
libxinerama
libxkbcommon
libxml2
libxrandr
libxrender
libxslt
libxtst
libxv
libyaml
libzip
little-cms2
llvm
llvm@12
llvm@13
llvm@14
llvm@15
llvm@16
localstack
lua
lua@5.3
luajit
luajit-openresty
luarocks
luv
lz4
lzo
m4
meson
moreutils
mosquitto
moto
mpdecimal
mpfr
mpg123
msgpack
mysql-client@5.7
mysql@5.7
ncdu
ncurses
neofetch
neovim
netpbm
nettle
newman
nghttp2
ninja
nmap
node
node-build
nodenv
npth
numpy
okta-aws-cli
oniguruma
openapi-generator
openblas
openexr
openjdk
openjdk@11
openjdk@17
openjpeg
openldap
openssl@1.1
openssl@3
opus
overmind
p11-kit
packer
pango
pcre
pcre2
picocom
pinentry
pixman
pkg-config
platformio
podman
portaudio
portmidi
postgresql@14
postgresql@15
pre-commit
princexml
protobuf
protobuf-c
protobuf@21
pulumi
pycparser
pyenv
pyenv-virtualenv
pygments
python-attrs
python-certifi
python-click
python-cryptography
python-dateutil
python-distlib
python-filelock
python-jinja
python-lxml
python-markupsafe
python-mpmath
python-networkx
python-packaging
python-pbr
python-platformdirs
python-psutil
python-pyparsing
python-pytz
python-setuptools
python-sympy
python-tabulate
python-typing-extensions
python-urllib3
python@3.10
python@3.11
python@3.12
python@3.9
pyyaml
qemu
ranger
rbenv
rbspy
readline
redis
rename
ripgrep
ruby-build
rust
rust-analyzer
rustup-init
saml2aws
sassc
screenresolution
shared-mime-info
six
snappy
sonar-scanner
sonarqube
sqlite
starship
stk
stripe
stylua
subversion
swagger-codegen
swig
szip
tcl-tk
tcpdump
tepl
terraform
timer
tmux
tokei
tree
tree-sitter
uchardet
unbound
unibilium
universal-ctags
unixodbc
unused
utf8proc
uvicorn
v8
v8@3.15
vala
vde
virtualenv
wangle
watchman
webp
wget
wiiuse
woff2
wxwidgets
x265
xdotool
xkeyboardconfig
xmlto
xorgproto
xz
yq
z3
zeromq
zlib
zoxide
zsh-autosuggestions
zsh-syntax-highlighting
zstd
1password-cli
appcleaner
arc
arduino
balenaetcher
barrier
blender
blurred
brave-browser
burp-suite
codux
discord
docker
figma
firefox
flutter
font-fira-code
font-fira-code-nerd-font
font-fira-mono
font-fira-mono-for-powerline
font-fira-sans
font-hack-nerd-font
font-inconsolata-for-powerline
font-inconsolata-for-powerline-bold
font-inconsolata-nerd-font
font-source-code-pro
font-source-code-pro-for-powerline
fontforge
fritzing
gaphor
gb-studio
gimp
godot
google-drive
hiddenbar
inkscape
insomnia
iterm2
kicad
kitty
midikeys
miro
mysqlworkbench
ngrok
notion
obsidian
openscad
permute
podman-desktop
postman
qcad
rectangle
rhino
rubymine
spotify
steam
synergy
typora
utm
visual-studio-code
vivaldi
vlc
vnc-viewer
warp
whatsapp
wkhtmltopdf
xquartz
zulu17
